// Jest Snapshot v1, https://goo.gl/fbAQLP

exports[`Board 테스트 스냅샷 테스트 1`] = `
<View
  style={
    Object {
      "flex": 1,
    }
  }
>
  <View
    style={
      Object {
        "backgroundColor": "#e9e9e9",
        "flex": 0.04,
        "justifyContent": "center",
      }
    }
  >
    <View
      style={Object {}}
    >
      <TouchableOpacity
        onPress={[Function]}
      >
        <View
          style={
            Object {
              "flexDirection": "row",
              "justifyContent": "flex-end",
              "marginRight": 31.428571428571427,
            }
          }
        >
          <Text
            style={
              Object {
                "color": "#696969",
              }
            }
          >
            최신순
          </Text>
          <Text
            allowFontScaling={false}
            selectable={false}
            style={
              Array [
                Object {
                  "color": "#696969",
                  "fontSize": 31.428571428571427,
                },
                undefined,
                Object {
                  "fontFamily": "anticon",
                  "fontStyle": "normal",
                  "fontWeight": "normal",
                },
                Object {},
              ]
            }
          >
            
          </Text>
        </View>
      </TouchableOpacity>
      <Modal
        animationType="none"
        deviceHeight={null}
        deviceWidth={null}
        hardwareAccelerated={false}
        hideModalContentWhileAnimating={false}
        onBackdropPress={[Function]}
        onModalHide={[Function]}
        onModalWillHide={[Function]}
        onModalWillShow={[Function]}
        onRequestClose={[Function]}
        panResponderThreshold={4}
        scrollHorizontal={false}
        scrollOffset={0}
        scrollOffsetMax={0}
        scrollTo={null}
        statusBarTranslucent={false}
        supportedOrientations={
          Array [
            "portrait",
            "landscape",
          ]
        }
        swipeThreshold={100}
        transparent={true}
        visible={false}
      />
    </View>
  </View>
  <View
    style={
      Object {
        "backgroundColor": "#FFFAFA",
        "flex": 0.96,
      }
    }
  >
    <View
      style={
        Object {
          "flex": 1,
        }
      }
    />
  </View>
</View>
`;
